2026-06-18 18:01:27,131 - INFO - --- Drogaven Scraper Starting ---
2026-06-18 18:01:27,132 - ERROR - Input EAN file not found at: C:\Users\Usuario\Desktop\Scraper\DrogaVen\input\eans.txt
2026-06-18 18:01:49,119 - INFO - --- Drogaven Scraper Starting ---
2026-06-18 18:01:49,124 - INFO - Loaded 27589 unique EANs from input file.
2026-06-18 18:01:49,125 - INFO - Test Run: Scraping a sample of 500 EANs...
2026-06-18 18:02:22,346 - INFO - --- Drogaven Scraper Starting ---
2026-06-18 18:02:22,353 - INFO - Loaded 27589 unique EANs from input file.
2026-06-18 18:02:22,354 - INFO - Scraping all 27589 EANs...
2026-06-18 18:02:22,758 - WARNING - Request failed for https://www.drogaven.com.br/busca/suggest/?query_term=7898664976723: Expecting value: line 1 column 1 (char 0)
2026-06-18 18:02:27,450 - WARNING - Request failed for https://www.drogaven.com.br/busca/suggest/?query_term=7898556850612: Expecting value: line 1 column 1 (char 0)
2026-06-18 18:02:28,145 - WARNING - Request failed for https://www.drogaven.com.br/busca/suggest/?query_term=7891010043476: Expecting value: line 1 column 1 (char 0)
2026-06-18 18:02:28,858 - WARNING - Request failed for https://www.drogaven.com.br/busca/suggest/?query_term=7896512959836: Expecting value: line 1 column 1 (char 0)
2026-06-18 18:02:30,415 - WARNING - Request failed for https://www.drogaven.com.br/busca/suggest/?query_term=7896512959836: Expecting value: line 1 column 1 (char 0)
2026-06-18 18:02:30,927 - WARNING - Request failed for https://www.drogaven.com.br/busca/suggest/?query_term=7891010043476: Expecting value: line 1 column 1 (char 0)
2026-06-18 18:02:32,225 - WARNING - Request failed for https://www.drogaven.com.br/busca/suggest/?query_term=7891010043476: Expecting value: line 1 column 1 (char 0)
2026-06-18 18:02:34,719 - WARNING - Request failed for https://www.drogaven.com.br/busca/suggest/?query_term=7891010043476: Expecting value: line 1 column 1 (char 0)
2026-06-18 18:02:35,126 - WARNING - Request failed for https://www.drogaven.com.br/busca/suggest/?query_term=7896018750838: Expecting value: line 1 column 1 (char 0)
2026-06-18 18:02:35,182 - WARNING - Request failed for https://www.drogaven.com.br/busca/suggest/?query_term=7896044952794: Expecting value: line 1 column 1 (char 0)
2026-06-18 18:02:37,050 - WARNING - Request failed for https://www.drogaven.com.br/busca/suggest/?query_term=7891010043476: Expecting value: line 1 column 1 (char 0)
2026-06-18 18:02:38,730 - ERROR - Abandoning URL https://www.drogaven.com.br/busca/suggest/?query_term=7891010043476. Final status: None
2026-06-18 18:02:40,386 - WARNING - Request failed for https://www.drogaven.com.br/busca/suggest/?query_term=7896033221023: Expecting value: line 1 column 1 (char 0)
2026-06-18 18:02:41,034 - WARNING - Request failed for https://www.drogaven.com.br/busca/suggest/?query_term=7891051028791: Expecting value: line 1 column 1 (char 0)
2026-06-18 18:02:41,255 - WARNING - Request failed for https://www.drogaven.com.br/busca/suggest/?query_term=7896025532038: Expecting value: line 1 column 1 (char 0)
2026-06-18 18:02:44,050 - WARNING - Request failed for https://www.drogaven.com.br/busca/suggest/?query_term=7891051028791: Expecting value: line 1 column 1 (char 0)
2026-06-18 18:02:44,235 - WARNING - Request failed for https://www.drogaven.com.br/busca/suggest/?query_term=7891150075306: Expecting value: line 1 column 1 (char 0)
2026-06-18 18:02:44,531 - WARNING - Request failed for https://www.drogaven.com.br/busca/suggest/?query_term=7896902200623: Expecting value: line 1 column 1 (char 0)
2026-06-18 18:02:45,216 - WARNING - Request failed for https://www.drogaven.com.br/busca/suggest/?query_term=7891051028791: Expecting value: line 1 column 1 (char 0)
2026-06-18 18:02:46,781 - WARNING - Request failed for https://www.drogaven.com.br/busca/suggest/?query_term=7891150075306: Expecting value: line 1 column 1 (char 0)
2026-06-18 18:02:47,077 - WARNING - Request failed for https://www.drogaven.com.br/busca/suggest/?query_term=7506195167281: Expecting value: line 1 column 1 (char 0)
2026-06-18 18:02:47,724 - WARNING - Request failed for https://www.drogaven.com.br/busca/suggest/?query_term=7891024033425: Expecting value: line 1 column 1 (char 0)
2026-06-18 18:02:47,725 - WARNING - Request failed for https://www.drogaven.com.br/busca/suggest/?query_term=78938625: Expecting value: line 1 column 1 (char 0)
2026-06-18 18:02:49,384 - WARNING - Request failed for https://www.drogaven.com.br/busca/suggest/?query_term=7506195167281: Expecting value: line 1 column 1 (char 0)
2026-06-18 18:02:49,473 - WARNING - Request failed for https://www.drogaven.com.br/busca/suggest/?query_term=7896902285743: Expecting value: line 1 column 1 (char 0)
2026-06-18 18:02:49,828 - WARNING - Request failed for https://www.drogaven.com.br/busca/suggest/?query_term=7891024033425: Expecting value: line 1 column 1 (char 0)
2026-06-18 18:02:50,226 - WARNING - Request failed for https://www.drogaven.com.br/busca/suggest/?query_term=78938625: Expecting value: line 1 column 1 (char 0)
2026-06-18 18:02:51,333 - WARNING - Request failed for https://www.drogaven.com.br/busca/suggest/?query_term=7898632475111: Expecting value: line 1 column 1 (char 0)
2026-06-18 18:02:53,527 - WARNING - Request failed for https://www.drogaven.com.br/busca/suggest/?query_term=7506195167281: Expecting value: line 1 column 1 (char 0)
2026-06-18 18:02:53,546 - WARNING - Request failed for https://www.drogaven.com.br/busca/suggest/?query_term=7891024033425: Expecting value: line 1 column 1 (char 0)
2026-06-18 18:02:53,564 - WARNING - Request failed for https://www.drogaven.com.br/busca/suggest/?query_term=7908458326297: Expecting value: line 1 column 1 (char 0)
2026-06-18 18:02:55,223 - WARNING - Request failed for https://www.drogaven.com.br/busca/suggest/?query_term=7897042012473: Expecting value: line 1 column 1 (char 0)
2026-06-18 18:02:55,230 - WARNING - Request failed for https://www.drogaven.com.br/busca/suggest/?query_term=7908458326297: Expecting value: line 1 column 1 (char 0)
2026-06-18 18:02:55,543 - WARNING - Request failed for https://www.drogaven.com.br/busca/suggest/?query_term=7506195167281: Expecting value: line 1 column 1 (char 0)
2026-06-18 18:02:55,930 - WARNING - Request failed for https://www.drogaven.com.br/busca/suggest/?query_term=7891024033425: Expecting value: line 1 column 1 (char 0)
2026-06-18 18:02:57,505 - WARNING - Request failed for https://www.drogaven.com.br/busca/suggest/?query_term=7501007457789: Expecting value: line 1 column 1 (char 0)
2026-06-18 18:02:57,671 - WARNING - Request failed for https://www.drogaven.com.br/busca/suggest/?query_term=7896061996627: Expecting value: line 1 column 1 (char 0)
2026-06-18 18:02:59,038 - WARNING - Request failed for https://www.drogaven.com.br/busca/suggest/?query_term=7891024033425: Expecting value: line 1 column 1 (char 0)
2026-06-18 18:02:59,710 - WARNING - Request failed for https://www.drogaven.com.br/busca/suggest/?query_term=7899852018126: Expecting value: line 1 column 1 (char 0)
2026-06-18 18:02:59,864 - WARNING - Request failed for https://www.drogaven.com.br/busca/suggest/?query_term=7896007548422: Expecting value: line 1 column 1 (char 0)
2026-06-18 18:03:01,598 - ERROR - Abandoning URL https://www.drogaven.com.br/busca/suggest/?query_term=7891024033425. Final status: None
2026-06-18 18:03:01,664 - WARNING - Request failed for https://www.drogaven.com.br/busca/suggest/?query_term=7899852018126: Expecting value: line 1 column 1 (char 0)
2026-06-18 18:03:01,665 - WARNING - Request failed for https://www.drogaven.com.br/busca/suggest/?query_term=7896111954478: Expecting value: line 1 column 1 (char 0)
2026-06-18 18:03:03,098 - WARNING - Request failed for https://www.drogaven.com.br/busca/suggest/?query_term=7896007548422: Expecting value: line 1 column 1 (char 0)
2026-06-18 18:03:05,990 - WARNING - Request failed for https://www.drogaven.com.br/busca/suggest/?query_term=7896111995303: Expecting value: line 1 column 1 (char 0)
2026-06-18 18:03:07,066 - WARNING - Request failed for https://www.drogaven.com.br/busca/suggest/?query_term=7897042010721: Expecting value: line 1 column 1 (char 0)
2026-06-18 18:03:08,751 - WARNING - Request failed for https://www.drogaven.com.br/busca/suggest/?query_term=7897042010721: Expecting value: line 1 column 1 (char 0)
2026-06-18 18:03:09,317 - WARNING - Request failed for https://www.drogaven.com.br/busca/suggest/?query_term=7899852018195: Expecting value: line 1 column 1 (char 0)
2026-06-18 18:03:11,560 - WARNING - Request failed for https://www.drogaven.com.br/busca/suggest/?query_term=7899852018195: Expecting value: line 1 column 1 (char 0)
2026-06-18 18:03:12,421 - WARNING - Request failed for https://www.drogaven.com.br/busca/suggest/?query_term=7908458316779: Expecting value: line 1 column 1 (char 0)
2026-06-18 18:03:12,451 - WARNING - Request failed for https://www.drogaven.com.br/busca/suggest/?query_term=7908615062471: Expecting value: line 1 column 1 (char 0)
2026-06-18 18:03:13,030 - WARNING - Request failed for https://www.drogaven.com.br/busca/suggest/?query_term=7500435157476: Expecting value: line 1 column 1 (char 0)
2026-06-18 18:03:15,274 - WARNING - Request failed for https://www.drogaven.com.br/busca/suggest/?query_term=7896094208537: Expecting value: line 1 column 1 (char 0)
2026-06-18 18:03:15,358 - WARNING - Request failed for https://www.drogaven.com.br/busca/suggest/?query_term=7898610376027: Expecting value: line 1 column 1 (char 0)
2026-06-18 18:03:16,725 - WARNING - Request failed for https://www.drogaven.com.br/busca/suggest/?query_term=7908458316779: Expecting value: line 1 column 1 (char 0)
2026-06-18 18:03:16,925 - WARNING - Request failed for https://www.drogaven.com.br/busca/suggest/?query_term=4006000045498: Expecting value: line 1 column 1 (char 0)
2026-06-18 18:03:18,061 - WARNING - Request failed for https://www.drogaven.com.br/busca/suggest/?query_term=7898610376027: Expecting value: line 1 column 1 (char 0)
2026-06-18 18:03:19,656 - WARNING - Request failed for https://www.drogaven.com.br/busca/suggest/?query_term=7898157616273: Expecting value: line 1 column 1 (char 0)
2026-06-18 18:03:19,670 - WARNING - Request failed for https://www.drogaven.com.br/busca/suggest/?query_term=4005900696847: Expecting value: line 1 column 1 (char 0)
2026-06-18 18:03:22,272 - WARNING - Request failed for https://www.drogaven.com.br/busca/suggest/?query_term=4005900696847: Expecting value: line 1 column 1 (char 0)
2026-06-18 18:03:22,521 - WARNING - Request failed for https://www.drogaven.com.br/busca/suggest/?query_term=7898157616273: Expecting value: line 1 column 1 (char 0)
2026-06-18 18:03:24,697 - WARNING - Request failed for https://www.drogaven.com.br/busca/suggest/?query_term=7898157616273: Expecting value: line 1 column 1 (char 0)
2026-06-18 18:03:26,698 - WARNING - Request failed for https://www.drogaven.com.br/busca/suggest/?query_term=7898157616273: Expecting value: line 1 column 1 (char 0)
2026-06-18 18:03:26,881 - WARNING - Request failed for https://www.drogaven.com.br/busca/suggest/?query_term=7612412422429: Expecting value: line 1 column 1 (char 0)
2026-06-18 18:03:29,637 - WARNING - Request failed for https://www.drogaven.com.br/busca/suggest/?query_term=7500435000413: Expecting value: line 1 column 1 (char 0)
2026-06-18 18:03:29,671 - WARNING - Request failed for https://www.drogaven.com.br/busca/suggest/?query_term=7898157616273: Expecting value: line 1 column 1 (char 0)
2026-06-18 18:03:29,757 - WARNING - Request failed for https://www.drogaven.com.br/busca/suggest/?query_term=7612412422429: Expecting value: line 1 column 1 (char 0)
2026-06-18 18:03:30,733 - WARNING - Request failed for https://www.drogaven.com.br/busca/suggest/?query_term=7897517930226: Expecting value: line 1 column 1 (char 0)
2026-06-18 18:03:31,233 - ERROR - Abandoning URL https://www.drogaven.com.br/busca/suggest/?query_term=7898157616273. Final status: None
2026-06-18 18:03:32,005 - WARNING - Request failed for https://www.drogaven.com.br/busca/suggest/?query_term=7500435000413: Expecting value: line 1 column 1 (char 0)
2026-06-18 18:03:32,682 - WARNING - Request failed for https://www.drogaven.com.br/busca/suggest/?query_term=7612412422429: Expecting value: line 1 column 1 (char 0)
2026-06-18 18:03:34,655 - WARNING - Request failed for https://www.drogaven.com.br/busca/suggest/?query_term=7897517930226: Expecting value: line 1 column 1 (char 0)
2026-06-18 18:03:35,103 - WARNING - Request failed for https://www.drogaven.com.br/busca/suggest/?query_term=7612412422429: Expecting value: line 1 column 1 (char 0)
2026-06-18 18:03:37,770 - WARNING - Request failed for https://www.drogaven.com.br/busca/suggest/?query_term=7897517930226: Expecting value: line 1 column 1 (char 0)
2026-06-18 18:03:37,783 - WARNING - Request failed for https://www.drogaven.com.br/busca/suggest/?query_term=7896326910337: Expecting value: line 1 column 1 (char 0)
2026-06-18 18:03:37,810 - WARNING - Request failed for https://www.drogaven.com.br/busca/suggest/?query_term=7612412422429: Expecting value: line 1 column 1 (char 0)
2026-06-18 18:03:39,890 - ERROR - Abandoning URL https://www.drogaven.com.br/busca/suggest/?query_term=7612412422429. Final status: None
2026-06-18 18:03:39,986 - WARNING - Request failed for https://www.drogaven.com.br/busca/suggest/?query_term=7896255767330: Expecting value: line 1 column 1 (char 0)
2026-06-18 18:03:40,148 - WARNING - Request failed for https://www.drogaven.com.br/busca/suggest/?query_term=7897517930226: Expecting value: line 1 column 1 (char 0)
2026-06-18 18:03:42,625 - WARNING - Request failed for https://www.drogaven.com.br/busca/suggest/?query_term=8802946506194: 403 Client Error: Forbidden for url: https://www.drogaven.com.br/busca/suggest/?query_term=8802946506194
2026-06-18 18:03:42,626 - WARNING - Request failed for https://www.drogaven.com.br/busca/suggest/?query_term=4589592592910: 403 Client Error: Forbidden for url: https://www.drogaven.com.br/busca/suggest/?query_term=4589592592910
2026-06-18 18:03:42,653 - WARNING - Request failed for https://www.drogaven.com.br/busca/suggest/?query_term=7896255767330: Expecting value: line 1 column 1 (char 0)
2026-06-18 18:03:53,627 - WARNING - Request failed for https://www.drogaven.com.br/busca/suggest/?query_term=7896013501824: Expecting value: line 1 column 1 (char 0)
2026-06-18 18:03:53,627 - WARNING - Request failed for https://www.drogaven.com.br/busca/suggest/?query_term=7500435136952: Expecting value: line 1 column 1 (char 0)
2026-06-18 18:03:56,109 - WARNING - Request failed for https://www.drogaven.com.br/busca/suggest/?query_term=7896013501824: Expecting value: line 1 column 1 (char 0)
2026-06-18 18:03:56,123 - WARNING - Request failed for https://www.drogaven.com.br/busca/suggest/?query_term=7908077444822: Expecting value: line 1 column 1 (char 0)
2026-06-18 18:03:56,147 - WARNING - Request failed for https://www.drogaven.com.br/busca/suggest/?query_term=7500435136952: Expecting value: line 1 column 1 (char 0)
2026-06-18 18:03:58,728 - WARNING - Request failed for https://www.drogaven.com.br/busca/suggest/?query_term=7896013501824: Expecting value: line 1 column 1 (char 0)
2026-06-18 18:03:59,522 - WARNING - Request failed for https://www.drogaven.com.br/busca/suggest/?query_term=7908077444822: Expecting value: line 1 column 1 (char 0)
2026-06-18 18:03:59,605 - WARNING - Request failed for https://www.drogaven.com.br/busca/suggest/?query_term=7899706152860: Expecting value: line 1 column 1 (char 0)
2026-06-18 18:04:00,462 - WARNING - Request failed for https://www.drogaven.com.br/busca/suggest/?query_term=7896013501824: Expecting value: line 1 column 1 (char 0)
2026-06-18 18:04:02,536 - WARNING - Request failed for https://www.drogaven.com.br/busca/suggest/?query_term=7500435014359: Expecting value: line 1 column 1 (char 0)
2026-06-18 18:04:02,553 - WARNING - Request failed for https://www.drogaven.com.br/busca/suggest/?query_term=7908077444822: Expecting value: line 1 column 1 (char 0)
2026-06-18 18:04:02,555 - WARNING - Request failed for https://www.drogaven.com.br/busca/suggest/?query_term=7896013501824: Expecting value: line 1 column 1 (char 0)
2026-06-18 18:04:02,557 - WARNING - Request failed for https://www.drogaven.com.br/busca/suggest/?query_term=7891150095915: Expecting value: line 1 column 1 (char 0)
2026-06-18 18:04:02,558 - WARNING - Request failed for https://www.drogaven.com.br/busca/suggest/?query_term=7899706152860: Expecting value: line 1 column 1 (char 0)
2026-06-18 18:04:04,855 - ERROR - Abandoning URL https://www.drogaven.com.br/busca/suggest/?query_term=7896013501824. Final status: None
2026-06-18 18:04:05,180 - WARNING - Request failed for https://www.drogaven.com.br/busca/suggest/?query_term=7891150095915: Expecting value: line 1 column 1 (char 0)
2026-06-18 18:04:07,839 - WARNING - Request failed for https://www.drogaven.com.br/busca/suggest/?query_term=7898724573022: Expecting value: line 1 column 1 (char 0)
2026-06-18 18:04:07,876 - WARNING - Request failed for https://www.drogaven.com.br/busca/suggest/?query_term=7891150095915: Expecting value: line 1 column 1 (char 0)
2026-06-18 18:04:07,961 - WARNING - Request failed for https://www.drogaven.com.br/busca/suggest/?query_term=7898903652418: Expecting value: line 1 column 1 (char 0)
2026-06-18 18:04:11,180 - WARNING - Request failed for https://www.drogaven.com.br/busca/suggest/?query_term=7896007542482: Expecting value: line 1 column 1 (char 0)
2026-06-18 18:04:11,197 - WARNING - Request failed for https://www.drogaven.com.br/busca/suggest/?query_term=7898903652418: Expecting value: line 1 column 1 (char 0)
2026-06-18 18:04:14,512 - WARNING - Request failed for https://www.drogaven.com.br/busca/suggest/?query_term=7898903652418: Expecting value: line 1 column 1 (char 0)
2026-06-18 18:04:14,513 - WARNING - Request failed for https://www.drogaven.com.br/busca/suggest/?query_term=3499320011655: Expecting value: line 1 column 1 (char 0)
2026-06-18 18:04:17,712 - WARNING - Request failed for https://www.drogaven.com.br/busca/suggest/?query_term=7898903652418: Expecting value: line 1 column 1 (char 0)
2026-06-18 18:04:21,065 - WARNING - Request failed for https://www.drogaven.com.br/busca/suggest/?query_term=7898903652418: Expecting value: line 1 column 1 (char 0)
2026-06-18 18:04:21,114 - WARNING - Request failed for https://www.drogaven.com.br/busca/suggest/?query_term=7896222720030: Expecting value: line 1 column 1 (char 0)
2026-06-18 18:04:21,163 - WARNING - Request failed for https://www.drogaven.com.br/busca/suggest/?query_term=5903719642392: Expecting value: line 1 column 1 (char 0)
2026-06-18 18:04:23,183 - ERROR - Abandoning URL https://www.drogaven.com.br/busca/suggest/?query_term=7898903652418. Final status: None
2026-06-18 18:04:34,383 - WARNING - Request failed for https://www.drogaven.com.br/busca/suggest/?query_term=7898944073418: Expecting value: line 1 column 1 (char 0)
2026-06-18 18:04:34,400 - WARNING - Request failed for https://www.drogaven.com.br/busca/suggest/?query_term=7908040493048: Expecting value: line 1 column 1 (char 0)
2026-06-18 18:04:34,441 - WARNING - Request failed for https://www.drogaven.com.br/busca/suggest/?query_term=7791293032436: Expecting value: line 1 column 1 (char 0)
2026-06-18 18:04:37,390 - WARNING - Request failed for https://www.drogaven.com.br/busca/suggest/?query_term=7898944073418: Expecting value: line 1 column 1 (char 0)
2026-06-18 18:04:37,436 - WARNING - Request failed for https://www.drogaven.com.br/busca/suggest/?query_term=7908040493048: Expecting value: line 1 column 1 (char 0)
2026-06-18 18:04:37,471 - WARNING - Request failed for https://www.drogaven.com.br/busca/suggest/?query_term=7791293032436: Expecting value: line 1 column 1 (char 0)
2026-06-18 18:04:38,581 - WARNING - Request failed for https://www.drogaven.com.br/busca/suggest/?query_term=7908040493048: Expecting value: line 1 column 1 (char 0)
2026-06-18 18:04:40,800 - WARNING - Request failed for https://www.drogaven.com.br/busca/suggest/?query_term=7898944073418: Expecting value: line 1 column 1 (char 0)
2026-06-18 18:04:40,810 - WARNING - Request failed for https://www.drogaven.com.br/busca/suggest/?query_term=7791293032436: Expecting value: line 1 column 1 (char 0)
2026-06-18 18:04:40,811 - WARNING - Request failed for https://www.drogaven.com.br/busca/suggest/?query_term=7908040493048: Expecting value: line 1 column 1 (char 0)
2026-06-18 18:04:43,454 - WARNING - Request failed for https://www.drogaven.com.br/busca/suggest/?query_term=7908040493048: Expecting value: line 1 column 1 (char 0)
2026-06-18 18:04:43,464 - WARNING - Request failed for https://www.drogaven.com.br/busca/suggest/?query_term=7891150095632: Expecting value: line 1 column 1 (char 0)
2026-06-18 18:04:43,465 - WARNING - Request failed for https://www.drogaven.com.br/busca/suggest/?query_term=7908615059983: Expecting value: line 1 column 1 (char 0)
2026-06-18 18:04:43,729 - WARNING - Request failed for https://www.drogaven.com.br/busca/suggest/?query_term=7898944073418: Expecting value: line 1 column 1 (char 0)
2026-06-18 18:04:45,698 - ERROR - Abandoning URL https://www.drogaven.com.br/busca/suggest/?query_term=7908040493048. Final status: None
2026-06-18 18:04:46,643 - WARNING - Request failed for https://www.drogaven.com.br/busca/suggest/?query_term=7897517903732: Expecting value: line 1 column 1 (char 0)
2026-06-18 18:04:46,652 - WARNING - Request failed for https://www.drogaven.com.br/busca/suggest/?query_term=7908615059983: Expecting value: line 1 column 1 (char 0)
2026-06-18 18:04:54,217 - WARNING - Request failed for https://www.drogaven.com.br/busca/suggest/?query_term=7891150054455: Expecting value: line 1 column 1 (char 0)
2026-06-18 18:04:54,466 - WARNING - Request failed for https://www.drogaven.com.br/busca/suggest/?query_term=7891350044898: Expecting value: line 1 column 1 (char 0)
2026-06-18 18:04:56,976 - WARNING - Request failed for https://www.drogaven.com.br/busca/suggest/?query_term=7898919412372: Expecting value: line 1 column 1 (char 0)
2026-06-18 18:04:57,290 - WARNING - Request failed for https://www.drogaven.com.br/busca/suggest/?query_term=7891350044898: Expecting value: line 1 column 1 (char 0)
2026-06-18 18:05:02,505 - WARNING - Request failed for https://www.drogaven.com.br/busca/suggest/?query_term=7891350044898: Expecting value: line 1 column 1 (char 0)
2026-06-18 18:05:06,119 - WARNING - Request failed for https://www.drogaven.com.br/busca/suggest/?query_term=7898294071775: Expecting value: line 1 column 1 (char 0)
2026-06-18 18:05:06,128 - WARNING - Request failed for https://www.drogaven.com.br/busca/suggest/?query_term=7891350044898: Expecting value: line 1 column 1 (char 0)
2026-06-18 18:05:09,355 - WARNING - Request failed for https://www.drogaven.com.br/busca/suggest/?query_term=7891150095809: Expecting value: line 1 column 1 (char 0)
2026-06-18 18:05:09,405 - WARNING - Request failed for https://www.drogaven.com.br/busca/suggest/?query_term=7500435132602: Expecting value: line 1 column 1 (char 0)
2026-06-18 18:05:12,505 - WARNING - Request failed for https://www.drogaven.com.br/busca/suggest/?query_term=7500435132602: Expecting value: line 1 column 1 (char 0)
2026-06-18 18:05:15,557 - WARNING - Request failed for https://www.drogaven.com.br/busca/suggest/?query_term=7500435132602: Expecting value: line 1 column 1 (char 0)
2026-06-18 18:05:18,534 - WARNING - Request failed for https://www.drogaven.com.br/busca/suggest/?query_term=7500435132602: Expecting value: line 1 column 1 (char 0)
2026-06-18 18:05:18,536 - WARNING - Request failed for https://www.drogaven.com.br/busca/suggest/?query_term=7891150044555: Expecting value: line 1 column 1 (char 0)
2026-06-18 18:05:18,539 - WARNING - Request failed for https://www.drogaven.com.br/busca/suggest/?query_term=7896012877722: Expecting value: line 1 column 1 (char 0)
2026-06-18 18:05:21,983 - WARNING - Request failed for https://www.drogaven.com.br/busca/suggest/?query_term=7896012877722: Expecting value: line 1 column 1 (char 0)
2026-06-18 18:05:22,016 - WARNING - Request failed for https://www.drogaven.com.br/busca/suggest/?query_term=7891150044555: Expecting value: line 1 column 1 (char 0)
2026-06-18 18:05:22,023 - WARNING - Request failed for https://www.drogaven.com.br/busca/suggest/?query_term=7500435132602: Expecting value: line 1 column 1 (char 0)
2026-06-18 18:05:22,890 - WARNING - Request failed for https://www.drogaven.com.br/busca/suggest/?query_term=7896020164197: Expecting value: line 1 column 1 (char 0)
2026-06-18 18:05:24,624 - ERROR - Abandoning URL https://www.drogaven.com.br/busca/suggest/?query_term=7500435132602. Final status: None
2026-06-18 18:05:24,922 - WARNING - Request failed for https://www.drogaven.com.br/busca/suggest/?query_term=7896012877722: Expecting value: line 1 column 1 (char 0)
2026-06-18 18:05:25,016 - WARNING - Request failed for https://www.drogaven.com.br/busca/suggest/?query_term=7891150044555: Expecting value: line 1 column 1 (char 0)
2026-06-18 18:05:25,175 - WARNING - Request failed for https://www.drogaven.com.br/busca/suggest/?query_term=7896020164197: Expecting value: line 1 column 1 (char 0)
2026-06-18 18:05:27,499 - WARNING - Request failed for https://www.drogaven.com.br/busca/suggest/?query_term=7500435142236: Expecting value: line 1 column 1 (char 0)
2026-06-18 18:05:27,501 - WARNING - Request failed for https://www.drogaven.com.br/busca/suggest/?query_term=7896012877722: Expecting value: line 1 column 1 (char 0)
2026-06-18 18:05:27,502 - WARNING - Request failed for https://www.drogaven.com.br/busca/suggest/?query_term=7896111902059: Expecting value: line 1 column 1 (char 0)
2026-06-18 18:05:27,513 - WARNING - Request failed for https://www.drogaven.com.br/busca/suggest/?query_term=7891150044555: Expecting value: line 1 column 1 (char 0)
2026-06-18 18:05:27,519 - WARNING - Request failed for https://www.drogaven.com.br/busca/suggest/?query_term=7896020164197: Expecting value: line 1 column 1 (char 0)
2026-06-18 18:05:27,843 - WARNING - Request failed for https://www.drogaven.com.br/busca/suggest/?query_term=7891010503505: Expecting value: line 1 column 1 (char 0)
2026-06-18 18:05:30,679 - WARNING - Request failed for https://www.drogaven.com.br/busca/suggest/?query_term=7891010503505: Expecting value: line 1 column 1 (char 0)
2026-06-18 18:05:30,707 - WARNING - Request failed for https://www.drogaven.com.br/busca/suggest/?query_term=7896020164197: Expecting value: line 1 column 1 (char 0)
2026-06-18 18:05:33,561 - WARNING - Request failed for https://www.drogaven.com.br/busca/suggest/?query_term=7891010503505: Expecting value: line 1 column 1 (char 0)
2026-06-18 18:05:33,582 - WARNING - Request failed for https://www.drogaven.com.br/busca/suggest/?query_term=7896020164197: Expecting value: line 1 column 1 (char 0)
2026-06-18 18:05:36,573 - ERROR - Abandoning URL https://www.drogaven.com.br/busca/suggest/?query_term=7896020164197. Final status: None
2026-06-18 18:05:36,590 - WARNING - Request failed for https://www.drogaven.com.br/busca/suggest/?query_term=7891010503505: Expecting value: line 1 column 1 (char 0)
2026-06-18 18:05:36,650 - WARNING - Request failed for https://www.drogaven.com.br/busca/suggest/?query_term=7898623951174: Expecting value: line 1 column 1 (char 0)
2026-06-18 18:05:39,379 - WARNING - Request failed for https://www.drogaven.com.br/busca/suggest/?query_term=7898623951174: Expecting value: line 1 column 1 (char 0)
2026-06-18 18:05:39,387 - WARNING - Request failed for https://www.drogaven.com.br/busca/suggest/?query_term=7896092002106: Expecting value: line 1 column 1 (char 0)
2026-06-18 18:05:39,449 - WARNING - Request failed for https://www.drogaven.com.br/busca/suggest/?query_term=7891010503505: Expecting value: line 1 column 1 (char 0)
2026-06-18 18:05:40,347 - WARNING - Request failed for https://www.drogaven.com.br/busca/suggest/?query_term=7898146823040: Expecting value: line 1 column 1 (char 0)
2026-06-18 18:05:42,175 - ERROR - Abandoning URL https://www.drogaven.com.br/busca/suggest/?query_term=7891010503505. Final status: None
2026-06-18 18:05:42,251 - WARNING - Request failed for https://www.drogaven.com.br/busca/suggest/?query_term=7899788409289: Expecting value: line 1 column 1 (char 0)
2026-06-18 18:05:42,272 - WARNING - Request failed for https://www.drogaven.com.br/busca/suggest/?query_term=7898483151738: Expecting value: line 1 column 1 (char 0)
2026-06-18 18:05:42,599 - WARNING - Request failed for https://www.drogaven.com.br/busca/suggest/?query_term=7898146823040: Expecting value: line 1 column 1 (char 0)
2026-06-18 18:05:45,062 - WARNING - Request failed for https://www.drogaven.com.br/busca/suggest/?query_term=7896806700038: Expecting value: line 1 column 1 (char 0)
2026-06-18 18:05:45,098 - WARNING - Request failed for https://www.drogaven.com.br/busca/suggest/?query_term=7898483151738: Expecting value: line 1 column 1 (char 0)
2026-06-18 18:05:45,114 - WARNING - Request failed for https://www.drogaven.com.br/busca/suggest/?query_term=7899583200104: Expecting value: line 1 column 1 (char 0)
2026-06-18 18:05:45,373 - WARNING - Request failed for https://www.drogaven.com.br/busca/suggest/?query_term=7898146823040: Expecting value: line 1 column 1 (char 0)
2026-06-18 18:05:47,817 - WARNING - Request failed for https://www.drogaven.com.br/busca/suggest/?query_term=7896114312862: Expecting value: line 1 column 1 (char 0)
2026-06-18 18:05:47,818 - WARNING - Request failed for https://www.drogaven.com.br/busca/suggest/?query_term=7899583200104: Expecting value: line 1 column 1 (char 0)
2026-06-18 18:05:47,832 - WARNING - Request failed for https://www.drogaven.com.br/busca/suggest/?query_term=7898483151738: Expecting value: line 1 column 1 (char 0)
2026-06-18 18:05:47,855 - WARNING - Request failed for https://www.drogaven.com.br/busca/suggest/?query_term=7898146823040: Expecting value: line 1 column 1 (char 0)
2026-06-18 18:05:50,597 - WARNING - Request failed for https://www.drogaven.com.br/busca/suggest/?query_term=7891150088351: Expecting value: line 1 column 1 (char 0)
2026-06-18 18:05:50,627 - WARNING - Request failed for https://www.drogaven.com.br/busca/suggest/?query_term=7896013501459: Expecting value: line 1 column 1 (char 0)
2026-06-18 18:05:50,636 - WARNING - Request failed for https://www.drogaven.com.br/busca/suggest/?query_term=7898483151738: Expecting value: line 1 column 1 (char 0)
2026-06-18 18:05:54,136 - WARNING - Request failed for https://www.drogaven.com.br/busca/suggest/?query_term=7891033534357: Expecting value: line 1 column 1 (char 0)
2026-06-18 18:05:54,254 - WARNING - Request failed for https://www.drogaven.com.br/busca/suggest/?query_term=7898483151738: Expecting value: line 1 column 1 (char 0)
2026-06-18 18:05:57,241 - ERROR - Abandoning URL https://www.drogaven.com.br/busca/suggest/?query_term=7898483151738. Final status: None
2026-06-18 18:05:57,478 - WARNING - Request failed for https://www.drogaven.com.br/busca/suggest/?query_term=7891033534357: Expecting value: line 1 column 1 (char 0)
2026-06-18 18:06:00,722 - WARNING - Request failed for https://www.drogaven.com.br/busca/suggest/?query_term=7891150060142: Expecting value: line 1 column 1 (char 0)
2026-06-18 18:06:00,747 - WARNING - Request failed for https://www.drogaven.com.br/busca/suggest/?query_term=7896018700383: Expecting value: line 1 column 1 (char 0)
2026-06-18 18:06:00,753 - WARNING - Request failed for https://www.drogaven.com.br/busca/suggest/?query_term=7896111999806: Expecting value: line 1 column 1 (char 0)
2026-06-18 18:06:00,757 - WARNING - Request failed for https://www.drogaven.com.br/busca/suggest/?query_term=7891033534357: Expecting value: line 1 column 1 (char 0)
2026-06-18 18:06:03,878 - WARNING - Request failed for https://www.drogaven.com.br/busca/suggest/?query_term=7891150060142: Expecting value: line 1 column 1 (char 0)
2026-06-18 18:06:03,913 - WARNING - Request failed for https://www.drogaven.com.br/busca/suggest/?query_term=7896018700383: Expecting value: line 1 column 1 (char 0)
2026-06-18 18:06:03,915 - WARNING - Request failed for https://www.drogaven.com.br/busca/suggest/?query_term=7896111999806: Expecting value: line 1 column 1 (char 0)
2026-06-18 18:06:06,730 - WARNING - Request failed for https://www.drogaven.com.br/busca/suggest/?query_term=7891150060142: Expecting value: line 1 column 1 (char 0)
2026-06-18 18:06:06,751 - WARNING - Request failed for https://www.drogaven.com.br/busca/suggest/?query_term=7896111999806: Expecting value: line 1 column 1 (char 0)
2026-06-18 18:06:09,615 - WARNING - Request failed for https://www.drogaven.com.br/busca/suggest/?query_term=7896111999806: Expecting value: line 1 column 1 (char 0)
2026-06-18 18:06:09,900 - WARNING - Request failed for https://www.drogaven.com.br/busca/suggest/?query_term=7891150060142: Expecting value: line 1 column 1 (char 0)
2026-06-18 18:06:12,401 - WARNING - Request failed for https://www.drogaven.com.br/busca/suggest/?query_term=7898610375983: Expecting value: line 1 column 1 (char 0)
2026-06-18 18:06:12,805 - WARNING - Request failed for https://www.drogaven.com.br/busca/suggest/?query_term=7891150060142: Expecting value: line 1 column 1 (char 0)
2026-06-18 18:06:15,227 - WARNING - Request failed for https://www.drogaven.com.br/busca/suggest/?query_term=4005808335435: Expecting value: line 1 column 1 (char 0)
2026-06-18 18:06:15,307 - WARNING - Request failed for https://www.drogaven.com.br/busca/suggest/?query_term=7898610375983: Expecting value: line 1 column 1 (char 0)
2026-06-18 18:06:15,383 - ERROR - Abandoning URL https://www.drogaven.com.br/busca/suggest/?query_term=7891150060142. Final status: None
2026-06-18 18:06:18,500 - WARNING - Request failed for https://www.drogaven.com.br/busca/suggest/?query_term=4005808335435: Expecting value: line 1 column 1 (char 0)
2026-06-18 18:06:18,522 - WARNING - Request failed for https://www.drogaven.com.br/busca/suggest/?query_term=7896027200928: Expecting value: line 1 column 1 (char 0)
2026-06-18 18:06:18,537 - WARNING - Request failed for https://www.drogaven.com.br/busca/suggest/?query_term=7898610375983: Expecting value: line 1 column 1 (char 0)
2026-06-18 18:06:21,679 - WARNING - Request failed for https://www.drogaven.com.br/busca/suggest/?query_term=7897517925666: Expecting value: line 1 column 1 (char 0)
2026-06-18 18:06:21,703 - WARNING - Request failed for https://www.drogaven.com.br/busca/suggest/?query_term=7898647921917: Expecting value: line 1 column 1 (char 0)
2026-06-18 18:06:28,477 - WARNING - Request failed for https://www.drogaven.com.br/busca/suggest/?query_term=4005900696823: Expecting value: line 1 column 1 (char 0)
2026-06-18 18:06:38,166 - WARNING - Request failed for https://www.drogaven.com.br/busca/suggest/?query_term=7896111901175: Expecting value: line 1 column 1 (char 0)
2026-06-18 18:06:38,476 - WARNING - Request failed for https://www.drogaven.com.br/busca/suggest/?query_term=7896235354147: Expecting value: line 1 column 1 (char 0)
2026-06-18 18:06:38,484 - WARNING - Request failed for https://www.drogaven.com.br/busca/suggest/?query_term=7898671424361: Expecting value: line 1 column 1 (char 0)
2026-06-18 18:06:41,769 - WARNING - Request failed for https://www.drogaven.com.br/busca/suggest/?query_term=7891033926046: Expecting value: line 1 column 1 (char 0)
2026-06-18 18:06:41,789 - WARNING - Request failed for https://www.drogaven.com.br/busca/suggest/?query_term=7896042066868: Expecting value: line 1 column 1 (char 0)
2026-06-18 18:06:41,816 - WARNING - Request failed for https://www.drogaven.com.br/busca/suggest/?query_term=7896111901175: Expecting value: line 1 column 1 (char 0)
2026-06-18 18:06:41,817 - WARNING - Request failed for https://www.drogaven.com.br/busca/suggest/?query_term=7896111902066: Expecting value: line 1 column 1 (char 0)
2026-06-18 18:06:44,898 - WARNING - Request failed for https://www.drogaven.com.br/busca/suggest/?query_term=7896111901175: Expecting value: line 1 column 1 (char 0)
2026-06-18 18:06:44,909 - WARNING - Request failed for https://www.drogaven.com.br/busca/suggest/?query_term=7896042066868: Expecting value: line 1 column 1 (char 0)
2026-06-18 18:06:47,970 - WARNING - Request failed for https://www.drogaven.com.br/busca/suggest/?query_term=7896042066868: Expecting value: line 1 column 1 (char 0)
2026-06-18 18:06:47,979 - WARNING - Request failed for https://www.drogaven.com.br/busca/suggest/?query_term=7896111901175: Expecting value: line 1 column 1 (char 0)
2026-06-18 18:06:53,487 - WARNING - Request failed for https://www.drogaven.com.br/busca/suggest/?query_term=7896042066868: Expecting value: line 1 column 1 (char 0)
2026-06-18 18:06:53,570 - WARNING - Request failed for https://www.drogaven.com.br/busca/suggest/?query_term=7896111901175: Expecting value: line 1 column 1 (char 0)
2026-06-18 18:06:56,447 - ERROR - Abandoning URL https://www.drogaven.com.br/busca/suggest/?query_term=7896111901175. Final status: None
2026-06-18 18:06:57,459 - WARNING - Request failed for https://www.drogaven.com.br/busca/suggest/?query_term=7896042066868: Expecting value: line 1 column 1 (char 0)
2026-06-18 18:06:57,467 - WARNING - Request failed for https://www.drogaven.com.br/busca/suggest/?query_term=7899026478909: Expecting value: line 1 column 1 (char 0)
2026-06-18 18:06:57,513 - WARNING - Request failed for https://www.drogaven.com.br/busca/suggest/?query_term=7896025514911: Expecting value: line 1 column 1 (char 0)
2026-06-18 18:06:59,133 - ERROR - Abandoning URL https://www.drogaven.com.br/busca/suggest/?query_term=7896042066868. Final status: None
2026-06-18 18:07:00,992 - WARNING - Request failed for https://www.drogaven.com.br/busca/suggest/?query_term=7896025514911: Expecting value: line 1 column 1 (char 0)
2026-06-18 18:07:04,735 - WARNING - Request failed for https://www.drogaven.com.br/busca/suggest/?query_term=7896025514911: Expecting value: line 1 column 1 (char 0)
2026-06-18 18:07:09,632 - WARNING - Request failed for https://www.drogaven.com.br/busca/suggest/?query_term=7896025514911: Expecting value: line 1 column 1 (char 0)
2026-06-18 18:07:16,548 - WARNING - Request failed for https://www.drogaven.com.br/busca/suggest/?query_term=076660008649: Expecting value: line 1 column 1 (char 0)
2026-06-18 18:07:20,103 - WARNING - Request failed for https://www.drogaven.com.br/busca/suggest/?query_term=076660008649: Expecting value: line 1 column 1 (char 0)
2026-06-18 18:07:23,512 - WARNING - Request failed for https://www.drogaven.com.br/busca/suggest/?query_term=7500435154291: Expecting value: line 1 column 1 (char 0)
2026-06-18 18:07:27,249 - WARNING - Request failed for https://www.drogaven.com.br/busca/suggest/?query_term=7500435154291: Expecting value: line 1 column 1 (char 0)
2026-06-18 18:07:30,812 - WARNING - Request failed for https://www.drogaven.com.br/busca/suggest/?query_term=7500435154291: Expecting value: line 1 column 1 (char 0)
2026-06-18 18:07:34,199 - WARNING - Request failed for https://www.drogaven.com.br/busca/suggest/?query_term=7500435154291: Expecting value: line 1 column 1 (char 0)
2026-06-18 18:07:34,199 - WARNING - Request failed for https://www.drogaven.com.br/busca/suggest/?query_term=7891033931057: Expecting value: line 1 column 1 (char 0)
2026-06-18 18:07:34,207 - WARNING - Request failed for https://www.drogaven.com.br/busca/suggest/?query_term=7899026401747: Expecting value: line 1 column 1 (char 0)
2026-06-18 18:07:34,214 - WARNING - Request failed for https://www.drogaven.com.br/busca/suggest/?query_term=7891060855777: Expecting value: line 1 column 1 (char 0)
2026-06-18 18:07:37,985 - WARNING - Request failed for https://www.drogaven.com.br/busca/suggest/?query_term=7891033931057: Expecting value: line 1 column 1 (char 0)
2026-06-18 18:07:38,036 - WARNING - Request failed for https://www.drogaven.com.br/busca/suggest/?query_term=7500435154291: Expecting value: line 1 column 1 (char 0)
2026-06-18 18:07:38,040 - WARNING - Request failed for https://www.drogaven.com.br/busca/suggest/?query_term=4005900669285: Expecting value: line 1 column 1 (char 0)
2026-06-18 18:07:40,802 - ERROR - Abandoning URL https://www.drogaven.com.br/busca/suggest/?query_term=7500435154291. Final status: None
2026-06-18 18:07:41,819 - WARNING - Request failed for https://www.drogaven.com.br/busca/suggest/?query_term=7891033931057: Expecting value: line 1 column 1 (char 0)
2026-06-18 18:07:41,829 - WARNING - Request failed for https://www.drogaven.com.br/busca/suggest/?query_term=4005900669285: Expecting value: line 1 column 1 (char 0)
2026-06-18 18:07:45,812 - WARNING - Request failed for https://www.drogaven.com.br/busca/suggest/?query_term=7891033931057: Expecting value: line 1 column 1 (char 0)
2026-06-18 18:07:45,813 - WARNING - Request failed for https://www.drogaven.com.br/busca/suggest/?query_term=4005900669285: Expecting value: line 1 column 1 (char 0)
2026-06-18 18:07:49,250 - WARNING - Request failed for https://www.drogaven.com.br/busca/suggest/?query_term=7891350011623: Expecting value: line 1 column 1 (char 0)
2026-06-18 18:07:49,257 - WARNING - Request failed for https://www.drogaven.com.br/busca/suggest/?query_term=7891033931057: Expecting value: line 1 column 1 (char 0)
2026-06-18 18:07:49,279 - WARNING - Request failed for https://www.drogaven.com.br/busca/suggest/?query_term=4005900669285: Expecting value: line 1 column 1 (char 0)
2026-06-18 18:07:52,404 - ERROR - Abandoning URL https://www.drogaven.com.br/busca/suggest/?query_term=7891033931057. Final status: None
2026-06-18 18:07:52,754 - WARNING - Request failed for https://www.drogaven.com.br/busca/suggest/?query_term=4005900669285: Expecting value: line 1 column 1 (char 0)
2026-06-18 18:07:52,778 - WARNING - Request failed for https://www.drogaven.com.br/busca/suggest/?query_term=7899706159333: Expecting value: line 1 column 1 (char 0)
2026-06-18 18:07:52,792 - WARNING - Request failed for https://www.drogaven.com.br/busca/suggest/?query_term=7891350011623: Expecting value: line 1 column 1 (char 0)
2026-06-18 18:07:55,703 - ERROR - Abandoning URL https://www.drogaven.com.br/busca/suggest/?query_term=4005900669285. Final status: None
2026-06-18 18:07:56,559 - WARNING - Request failed for https://www.drogaven.com.br/busca/suggest/?query_term=7897517925406: Expecting value: line 1 column 1 (char 0)
2026-06-18 18:07:56,588 - WARNING - Request failed for https://www.drogaven.com.br/busca/suggest/?query_term=7891350011623: Expecting value: line 1 column 1 (char 0)
2026-06-18 18:08:00,308 - WARNING - Request failed for https://www.drogaven.com.br/busca/suggest/?query_term=7897517925406: Expecting value: line 1 column 1 (char 0)
2026-06-18 18:08:00,391 - WARNING - Request failed for https://www.drogaven.com.br/busca/suggest/?query_term=7891350011623: Expecting value: line 1 column 1 (char 0)
2026-06-18 18:08:04,249 - WARNING - Request failed for https://www.drogaven.com.br/busca/suggest/?query_term=7898662430463: Expecting value: line 1 column 1 (char 0)
2026-06-18 18:08:04,284 - WARNING - Request failed for https://www.drogaven.com.br/busca/suggest/?query_term=7894222022024: Expecting value: line 1 column 1 (char 0)
2026-06-18 18:08:04,304 - WARNING - Request failed for https://www.drogaven.com.br/busca/suggest/?query_term=7897517925406: Expecting value: line 1 column 1 (char 0)
2026-06-18 18:08:04,338 - WARNING - Request failed for https://www.drogaven.com.br/busca/suggest/?query_term=7891350011623: Expecting value: line 1 column 1 (char 0)
2026-06-18 18:08:07,396 - ERROR - Abandoning URL https://www.drogaven.com.br/busca/suggest/?query_term=7891350011623. Final status: None
2026-06-18 18:08:08,109 - WARNING - Request failed for https://www.drogaven.com.br/busca/suggest/?query_term=7898662430463: Expecting value: line 1 column 1 (char 0)
2026-06-18 18:08:08,141 - WARNING - Request failed for https://www.drogaven.com.br/busca/suggest/?query_term=7894222022024: Expecting value: line 1 column 1 (char 0)
2026-06-18 18:08:18,663 - WARNING - Request failed for https://www.drogaven.com.br/busca/suggest/?query_term=7500435106634: Expecting value: line 1 column 1 (char 0)
2026-06-18 18:08:22,805 - WARNING - Request failed for https://www.drogaven.com.br/busca/suggest/?query_term=7898623956797: Expecting value: line 1 column 1 (char 0)
2026-06-18 18:08:22,810 - WARNING - Request failed for https://www.drogaven.com.br/busca/suggest/?query_term=7500435106634: Expecting value: line 1 column 1 (char 0)
2026-06-18 18:08:22,835 - WARNING - Request failed for https://www.drogaven.com.br/busca/suggest/?query_term=7897042015269: Expecting value: line 1 column 1 (char 0)
2026-06-18 18:08:26,660 - WARNING - Request failed for https://www.drogaven.com.br/busca/suggest/?query_term=7891033930470: Expecting value: line 1 column 1 (char 0)
2026-06-18 18:08:26,662 - WARNING - Request failed for https://www.drogaven.com.br/busca/suggest/?query_term=7896279114028: Expecting value: line 1 column 1 (char 0)
2026-06-18 18:08:26,666 - WARNING - Request failed for https://www.drogaven.com.br/busca/suggest/?query_term=7500435106634: Expecting value: line 1 column 1 (char 0)
2026-06-18 18:08:26,677 - WARNING - Request failed for https://www.drogaven.com.br/busca/suggest/?query_term=7897042015269: Expecting value: line 1 column 1 (char 0)
2026-06-18 18:08:30,293 - WARNING - Request failed for https://www.drogaven.com.br/busca/suggest/?query_term=7896279114028: Expecting value: line 1 column 1 (char 0)
2026-06-18 18:08:30,354 - WARNING - Request failed for https://www.drogaven.com.br/busca/suggest/?query_term=7897042015269: Expecting value: line 1 column 1 (char 0)
2026-06-18 18:08:30,359 - WARNING - Request failed for https://www.drogaven.com.br/busca/suggest/?query_term=7500435106634: Expecting value: line 1 column 1 (char 0)
2026-06-18 18:08:30,562 - WARNING - Request failed for https://www.drogaven.com.br/busca/suggest/?query_term=7891033930470: Expecting value: line 1 column 1 (char 0)
2026-06-18 18:08:34,486 - WARNING - Request failed for https://www.drogaven.com.br/busca/suggest/?query_term=7908615031514: Expecting value: line 1 column 1 (char 0)
2026-06-18 18:08:34,491 - WARNING - Request failed for https://www.drogaven.com.br/busca/suggest/?query_term=7897042015269: Expecting value: line 1 column 1 (char 0)
2026-06-18 18:08:34,518 - WARNING - Request failed for https://www.drogaven.com.br/busca/suggest/?query_term=7891033930470: Expecting value: line 1 column 1 (char 0)
2026-06-18 18:08:34,518 - WARNING - Request failed for https://www.drogaven.com.br/busca/suggest/?query_term=7896279114028: Expecting value: line 1 column 1 (char 0)
2026-06-18 18:08:38,494 - WARNING - Request failed for https://www.drogaven.com.br/busca/suggest/?query_term=7891033930470: Expecting value: line 1 column 1 (char 0)
2026-06-18 18:08:38,532 - WARNING - Request failed for https://www.drogaven.com.br/busca/suggest/?query_term=7897042015269: Expecting value: line 1 column 1 (char 0)
2026-06-18 18:08:38,538 - WARNING - Request failed for https://www.drogaven.com.br/busca/suggest/?query_term=7908077453893: Expecting value: line 1 column 1 (char 0)
2026-06-18 18:08:41,509 - ERROR - Abandoning URL https://www.drogaven.com.br/busca/suggest/?query_term=7897042015269. Final status: None
2026-06-18 18:08:41,964 - WARNING - Request failed for https://www.drogaven.com.br/busca/suggest/?query_term=7896111999226: Expecting value: line 1 column 1 (char 0)
2026-06-18 18:08:41,978 - WARNING - Request failed for https://www.drogaven.com.br/busca/suggest/?query_term=7908077453893: Expecting value: line 1 column 1 (char 0)
2026-06-18 18:08:45,827 - WARNING - Request failed for https://www.drogaven.com.br/busca/suggest/?query_term=7506309841816: Expecting value: line 1 column 1 (char 0)
2026-06-18 18:08:49,739 - WARNING - Request failed for https://www.drogaven.com.br/busca/suggest/?query_term=7506309841816: Expecting value: line 1 column 1 (char 0)
2026-06-18 18:08:53,152 - WARNING - Request failed for https://www.drogaven.com.br/busca/suggest/?query_term=7896036570043: Expecting value: line 1 column 1 (char 0)
2026-06-18 18:08:57,226 - WARNING - Request failed for https://www.drogaven.com.br/busca/suggest/?query_term=7896548198162: Expecting value: line 1 column 1 (char 0)
2026-06-18 18:08:57,249 - WARNING - Request failed for https://www.drogaven.com.br/busca/suggest/?query_term=7896036570043: Expecting value: line 1 column 1 (char 0)
2026-06-18 18:09:01,670 - WARNING - Request failed for https://www.drogaven.com.br/busca/suggest/?query_term=7897848715189: Expecting value: line 1 column 1 (char 0)
2026-06-18 18:09:01,740 - WARNING - Request failed for https://www.drogaven.com.br/busca/suggest/?query_term=7896548198162: Expecting value: line 1 column 1 (char 0)
2026-06-18 18:09:01,764 - WARNING - Request failed for https://www.drogaven.com.br/busca/suggest/?query_term=7896114313135: Expecting value: line 1 column 1 (char 0)
2026-06-18 18:09:01,892 - WARNING - Request failed for https://www.drogaven.com.br/busca/suggest/?query_term=7896036570043: Expecting value: line 1 column 1 (char 0)
2026-06-18 18:09:01,897 - WARNING - Request failed for https://www.drogaven.com.br/busca/suggest/?query_term=7891350034943: Expecting value: line 1 column 1 (char 0)
2026-06-18 18:09:01,927 - WARNING - Request failed for https://www.drogaven.com.br/busca/suggest/?query_term=7908615017297: Expecting value: line 1 column 1 (char 0)
2026-06-18 18:09:05,678 - WARNING - Request failed for https://www.drogaven.com.br/busca/suggest/?query_term=7896114313135: Expecting value: line 1 column 1 (char 0)
2026-06-18 18:09:05,681 - WARNING - Request failed for https://www.drogaven.com.br/busca/suggest/?query_term=7896548198162: Expecting value: line 1 column 1 (char 0)
2026-06-18 18:09:05,720 - WARNING - Request failed for https://www.drogaven.com.br/busca/suggest/?query_term=7896036570043: Expecting value: line 1 column 1 (char 0)
2026-06-18 18:09:09,075 - WARNING - Request failed for https://www.drogaven.com.br/busca/suggest/?query_term=7891150080096: Expecting value: line 1 column 1 (char 0)
2026-06-18 18:09:09,126 - WARNING - Request failed for https://www.drogaven.com.br/busca/suggest/?query_term=7896036570043: Expecting value: line 1 column 1 (char 0)
2026-06-18 18:09:09,128 - WARNING - Request failed for https://www.drogaven.com.br/busca/suggest/?query_term=7898924603956: Expecting value: line 1 column 1 (char 0)
2026-06-18 18:09:09,150 - WARNING - Request failed for https://www.drogaven.com.br/busca/suggest/?query_term=7896114313135: Expecting value: line 1 column 1 (char 0)
2026-06-18 18:09:12,405 - ERROR - Abandoning URL https://www.drogaven.com.br/busca/suggest/?query_term=7896036570043. Final status: None
2026-06-18 18:09:13,058 - WARNING - Request failed for https://www.drogaven.com.br/busca/suggest/?query_term=7891010877613: Expecting value: line 1 column 1 (char 0)
2026-06-18 18:09:13,072 - WARNING - Request failed for https://www.drogaven.com.br/busca/suggest/?query_term=7898924603956: Expecting value: line 1 column 1 (char 0)
2026-06-18 18:09:13,085 - WARNING - Request failed for https://www.drogaven.com.br/busca/suggest/?query_term=7891024028704: Expecting value: line 1 column 1 (char 0)
2026-06-18 18:09:16,896 - WARNING - Request failed for https://www.drogaven.com.br/busca/suggest/?query_term=7891024028704: Expecting value: line 1 column 1 (char 0)
2026-06-18 18:09:16,902 - WARNING - Request failed for https://www.drogaven.com.br/busca/suggest/?query_term=7896235354055: Expecting value: line 1 column 1 (char 0)
2026-06-18 18:09:16,902 - WARNING - Request failed for https://www.drogaven.com.br/busca/suggest/?query_term=7898924603956: Expecting value: line 1 column 1 (char 0)
2026-06-18 18:09:20,775 - WARNING - Request failed for https://www.drogaven.com.br/busca/suggest/?query_term=7891024028704: Expecting value: line 1 column 1 (char 0)
2026-06-18 18:09:24,050 - WARNING - Request failed for https://www.drogaven.com.br/busca/suggest/?query_term=7891010038908: Expecting value: line 1 column 1 (char 0)
2026-06-18 18:09:24,728 - WARNING - Request failed for https://www.drogaven.com.br/busca/suggest/?query_term=7896770980979: Expecting value: line 1 column 1 (char 0)
2026-06-18 18:09:24,739 - WARNING - Request failed for https://www.drogaven.com.br/busca/suggest/?query_term=7891024028704: Expecting value: line 1 column 1 (char 0)
2026-06-18 18:09:24,765 - WARNING - Request failed for https://www.drogaven.com.br/busca/suggest/?query_term=7896094211889: Expecting value: line 1 column 1 (char 0)
2026-06-18 18:09:28,103 - WARNING - Request failed for https://www.drogaven.com.br/busca/suggest/?query_term=7791293051659: Expecting value: line 1 column 1 (char 0)
2026-06-18 18:09:28,108 - WARNING - Request failed for https://www.drogaven.com.br/busca/suggest/?query_term=7896770980979: Expecting value: line 1 column 1 (char 0)
2026-06-18 18:09:32,144 - WARNING - Request failed for https://www.drogaven.com.br/busca/suggest/?query_term=7891150063075: Expecting value: line 1 column 1 (char 0)
2026-06-18 18:09:32,157 - WARNING - Request failed for https://www.drogaven.com.br/busca/suggest/?query_term=7896770980979: Expecting value: line 1 column 1 (char 0)
2026-06-18 18:09:32,165 - WARNING - Request failed for https://www.drogaven.com.br/busca/suggest/?query_term=7908458326532: Expecting value: line 1 column 1 (char 0)
2026-06-18 18:09:35,491 - WARNING - Request failed for https://www.drogaven.com.br/busca/suggest/?query_term=7898040324438: Expecting value: line 1 column 1 (char 0)
2026-06-18 18:09:35,499 - WARNING - Request failed for https://www.drogaven.com.br/busca/suggest/?query_term=7897947620445: Expecting value: line 1 column 1 (char 0)
2026-06-18 18:09:35,598 - WARNING - Request failed for https://www.drogaven.com.br/busca/suggest/?query_term=7908458326532: Expecting value: line 1 column 1 (char 0)
2026-06-18 18:09:39,310 - WARNING - Request failed for https://www.drogaven.com.br/busca/suggest/?query_term=7897169204041: Expecting value: line 1 column 1 (char 0)
2026-06-18 18:09:39,413 - WARNING - Request failed for https://www.drogaven.com.br/busca/suggest/?query_term=7897947620445: Expecting value: line 1 column 1 (char 0)
2026-06-18 18:09:43,638 - WARNING - Request failed for https://www.drogaven.com.br/busca/suggest/?query_term=7897947620445: Expecting value: line 1 column 1 (char 0)
2026-06-18 18:09:47,400 - WARNING - Request failed for https://www.drogaven.com.br/busca/suggest/?query_term=7791293022635: Expecting value: line 1 column 1 (char 0)
2026-06-18 18:09:47,470 - WARNING - Request failed for https://www.drogaven.com.br/busca/suggest/?query_term=7897947620445: Expecting value: line 1 column 1 (char 0)
2026-06-18 18:09:51,686 - WARNING - Request failed for https://www.drogaven.com.br/busca/suggest/?query_term=7896036571415: Expecting value: line 1 column 1 (char 0)
2026-06-18 18:09:51,686 - WARNING - Request failed for https://www.drogaven.com.br/busca/suggest/?query_term=7898632474701: Expecting value: line 1 column 1 (char 0)
2026-06-18 18:09:51,687 - WARNING - Request failed for https://www.drogaven.com.br/busca/suggest/?query_term=7897947620445: Expecting value: line 1 column 1 (char 0)
2026-06-18 18:09:55,646 - ERROR - Abandoning URL https://www.drogaven.com.br/busca/suggest/?query_term=7897947620445. Final status: None
2026-06-18 18:09:55,708 - WARNING - Request failed for https://www.drogaven.com.br/busca/suggest/?query_term=7898936049131: Expecting value: line 1 column 1 (char 0)
2026-06-18 18:09:55,749 - WARNING - Request failed for https://www.drogaven.com.br/busca/suggest/?query_term=7896036571415: Expecting value: line 1 column 1 (char 0)
2026-06-18 18:09:55,776 - WARNING - Request failed for https://www.drogaven.com.br/busca/suggest/?query_term=7898632474701: Expecting value: line 1 column 1 (char 0)
2026-06-18 18:09:59,772 - WARNING - Request failed for https://www.drogaven.com.br/busca/suggest/?query_term=7898632474701: Expecting value: line 1 column 1 (char 0)
2026-06-18 18:10:03,551 - WARNING - Request failed for https://www.drogaven.com.br/busca/suggest/?query_term=7891150101753: Expecting value: line 1 column 1 (char 0)
2026-06-18 18:10:03,604 - WARNING - Request failed for https://www.drogaven.com.br/busca/suggest/?query_term=4005900921598: Expecting value: line 1 column 1 (char 0)
2026-06-18 18:10:03,636 - WARNING - Request failed for https://www.drogaven.com.br/busca/suggest/?query_term=7898632474701: Expecting value: line 1 column 1 (char 0)
2026-06-18 18:10:07,620 - WARNING - Request failed for https://www.drogaven.com.br/busca/suggest/?query_term=4005900921598: Expecting value: line 1 column 1 (char 0)
2026-06-18 18:10:07,622 - WARNING - Request failed for https://www.drogaven.com.br/busca/suggest/?query_term=7898632474701: Expecting value: line 1 column 1 (char 0)
2026-06-18 18:10:07,645 - WARNING - Request failed for https://www.drogaven.com.br/busca/suggest/?query_term=7896111997208: Expecting value: line 1 column 1 (char 0)
2026-06-18 18:10:07,657 - WARNING - Request failed for https://www.drogaven.com.br/busca/suggest/?query_term=7891150101753: Expecting value: line 1 column 1 (char 0)
2026-06-18 18:10:10,020 - ERROR - Abandoning URL https://www.drogaven.com.br/busca/suggest/?query_term=7898632474701. Final status: None
2026-06-18 18:10:11,815 - WARNING - Request failed for https://www.drogaven.com.br/busca/suggest/?query_term=7896115704123: Expecting value: line 1 column 1 (char 0)
2026-06-18 18:10:11,817 - WARNING - Request failed for https://www.drogaven.com.br/busca/suggest/?query_term=7891150101753: Expecting value: line 1 column 1 (char 0)
2026-06-18 18:10:11,845 - WARNING - Request failed for https://www.drogaven.com.br/busca/suggest/?query_term=7896033233767: Expecting value: line 1 column 1 (char 0)
2026-06-18 18:10:11,851 - WARNING - Request failed for https://www.drogaven.com.br/busca/suggest/?query_term=4005900921598: Expecting value: line 1 column 1 (char 0)
2026-06-18 18:10:15,395 - WARNING - Request failed for https://www.drogaven.com.br/busca/suggest/?query_term=7896033233767: Expecting value: line 1 column 1 (char 0)
2026-06-18 18:10:15,424 - WARNING - Request failed for https://www.drogaven.com.br/busca/suggest/?query_term=7891350000115: Expecting value: line 1 column 1 (char 0)
2026-06-18 18:10:15,430 - WARNING - Request failed for https://www.drogaven.com.br/busca/suggest/?query_term=7897664169791: Expecting value: line 1 column 1 (char 0)
2026-06-18 18:10:19,770 - WARNING - Request failed for https://www.drogaven.com.br/busca/suggest/?query_term=6931627000378: Expecting value: line 1 column 1 (char 0)
2026-06-18 18:10:19,797 - WARNING - Request failed for https://www.drogaven.com.br/busca/suggest/?query_term=7896033233767: Expecting value: line 1 column 1 (char 0)
2026-06-18 18:10:19,826 - WARNING - Request failed for https://www.drogaven.com.br/busca/suggest/?query_term=7891350000115: Expecting value: line 1 column 1 (char 0)
2026-06-18 18:10:19,855 - WARNING - Request failed for https://www.drogaven.com.br/busca/suggest/?query_term=7897664169791: Expecting value: line 1 column 1 (char 0)
2026-06-18 18:10:24,059 - WARNING - Request failed for https://www.drogaven.com.br/busca/suggest/?query_term=7896033233767: Expecting value: line 1 column 1 (char 0)
2026-06-18 18:10:24,060 - WARNING - Request failed for https://www.drogaven.com.br/busca/suggest/?query_term=7891106907286: Expecting value: line 1 column 1 (char 0)
2026-06-18 18:10:24,086 - WARNING - Request failed for https://www.drogaven.com.br/busca/suggest/?query_term=7891350000115: Expecting value: line 1 column 1 (char 0)
2026-06-18 18:10:28,344 - WARNING - Request failed for https://www.drogaven.com.br/busca/suggest/?query_term=7896033233767: Expecting value: line 1 column 1 (char 0)
2026-06-18 18:10:32,053 - ERROR - Abandoning URL https://www.drogaven.com.br/busca/suggest/?query_term=7896033233767. Final status: None
2026-06-18 18:10:36,699 - WARNING - Request failed for https://www.drogaven.com.br/busca/suggest/?query_term=4005900659712: Expecting value: line 1 column 1 (char 0)
2026-06-18 18:10:40,633 - WARNING - Request failed for https://www.drogaven.com.br/busca/suggest/?query_term=4005900659712: Expecting value: line 1 column 1 (char 0)
2026-06-18 18:10:40,645 - WARNING - Request failed for https://www.drogaven.com.br/busca/suggest/?query_term=7894222039695: Expecting value: line 1 column 1 (char 0)
2026-06-18 18:10:45,542 - WARNING - Request failed for https://www.drogaven.com.br/busca/suggest/?query_term=4005900659712: Expecting value: line 1 column 1 (char 0)
2026-06-18 18:10:45,545 - WARNING - Request failed for https://www.drogaven.com.br/busca/suggest/?query_term=7897042019304: Expecting value: line 1 column 1 (char 0)
2026-06-18 18:10:45,559 - WARNING - Request failed for https://www.drogaven.com.br/busca/suggest/?query_term=7894222039695: Expecting value: line 1 column 1 (char 0)
2026-06-18 18:10:45,566 - WARNING - Request failed for https://www.drogaven.com.br/busca/suggest/?query_term=7898949409762: Expecting value: line 1 column 1 (char 0)
2026-06-18 18:10:45,811 - WARNING - Request failed for https://www.drogaven.com.br/busca/suggest/?query_term=7896033251631: Expecting value: line 1 column 1 (char 0)
2026-06-18 18:10:46,068 - WARNING - Request failed for https://www.drogaven.com.br/busca/suggest/?query_term=7899652102025: Expecting value: line 1 column 1 (char 0)
2026-06-18 18:10:50,240 - WARNING - Request failed for https://www.drogaven.com.br/busca/suggest/?query_term=7891010878016: Expecting value: line 1 column 1 (char 0)
2026-06-18 18:10:50,282 - WARNING - Request failed for https://www.drogaven.com.br/busca/suggest/?query_term=7896033251631: Expecting value: line 1 column 1 (char 0)
2026-06-18 18:10:50,345 - WARNING - Request failed for https://www.drogaven.com.br/busca/suggest/?query_term=7894222039695: Expecting value: line 1 column 1 (char 0)
2026-06-18 18:10:54,421 - WARNING - Request failed for https://www.drogaven.com.br/busca/suggest/?query_term=7896033251631: Expecting value: line 1 column 1 (char 0)
2026-06-18 18:10:58,584 - WARNING - Request failed for https://www.drogaven.com.br/busca/suggest/?query_term=7896018750814: Expecting value: line 1 column 1 (char 0)
2026-06-18 18:10:58,590 - WARNING - Request failed for https://www.drogaven.com.br/busca/suggest/?query_term=07908082303312: Expecting value: line 1 column 1 (char 0)
2026-06-18 18:10:58,615 - WARNING - Request failed for https://www.drogaven.com.br/busca/suggest/?query_term=7896033251631: Expecting value: line 1 column 1 (char 0)
2026-06-18 18:11:02,511 - WARNING - Request failed for https://www.drogaven.com.br/busca/suggest/?query_term=7896033251631: Expecting value: line 1 column 1 (char 0)
2026-06-18 18:11:02,564 - WARNING - Request failed for https://www.drogaven.com.br/busca/suggest/?query_term=7892692814743: Expecting value: line 1 column 1 (char 0)
2026-06-18 18:11:02,578 - WARNING - Request failed for https://www.drogaven.com.br/busca/suggest/?query_term=7896018750814: Expecting value: line 1 column 1 (char 0)
2026-06-18 18:11:02,579 - WARNING - Request failed for https://www.drogaven.com.br/busca/suggest/?query_term=07908082303312: Expecting value: line 1 column 1 (char 0)
2026-06-18 18:11:02,599 - WARNING - Request failed for https://www.drogaven.com.br/busca/suggest/?query_term=7896115704345: Expecting value: line 1 column 1 (char 0)
2026-06-18 18:11:06,087 - ERROR - Abandoning URL https://www.drogaven.com.br/busca/suggest/?query_term=7896033251631. Final status: None
2026-06-18 18:11:06,645 - WARNING - Request failed for https://www.drogaven.com.br/busca/suggest/?query_term=7898647921085: Expecting value: line 1 column 1 (char 0)
2026-06-18 18:11:06,942 - WARNING - Request failed for https://www.drogaven.com.br/busca/suggest/?query_term=07908082303312: Expecting value: line 1 column 1 (char 0)
2026-06-18 18:11:07,053 - WARNING - Request failed for https://www.drogaven.com.br/busca/suggest/?query_term=7896115704345: Expecting value: line 1 column 1 (char 0)
2026-06-18 18:11:07,074 - WARNING - Request failed for https://www.drogaven.com.br/busca/suggest/?query_term=7896018750814: Expecting value: line 1 column 1 (char 0)
2026-06-18 18:11:07,077 - WARNING - Request failed for https://www.drogaven.com.br/busca/suggest/?query_term=7892692814743: Expecting value: line 1 column 1 (char 0)
2026-06-18 18:11:11,602 - WARNING - Request failed for https://www.drogaven.com.br/busca/suggest/?query_term=7892692814743: Expecting value: line 1 column 1 (char 0)
2026-06-18 18:11:11,628 - WARNING - Request failed for https://www.drogaven.com.br/busca/suggest/?query_term=07908082303312: Expecting value: line 1 column 1 (char 0)
2026-06-18 18:11:11,631 - WARNING - Request failed for https://www.drogaven.com.br/busca/suggest/?query_term=7898647921085: Expecting value: line 1 column 1 (char 0)
2026-06-18 18:11:11,640 - WARNING - Request failed for https://www.drogaven.com.br/busca/suggest/?query_term=7896115704345: Expecting value: line 1 column 1 (char 0)
2026-06-18 18:11:11,640 - WARNING - Request failed for https://www.drogaven.com.br/busca/suggest/?query_term=7896018750814: Expecting value: line 1 column 1 (char 0)
2026-06-18 18:11:16,054 - WARNING - Request failed for https://www.drogaven.com.br/busca/suggest/?query_term=07908082303312: Expecting value: line 1 column 1 (char 0)
2026-06-18 18:11:16,056 - WARNING - Request failed for https://www.drogaven.com.br/busca/suggest/?query_term=7896115704345: Expecting value: line 1 column 1 (char 0)
2026-06-18 18:11:16,062 - WARNING - Request failed for https://www.drogaven.com.br/busca/suggest/?query_term=7891106915182: Expecting value: line 1 column 1 (char 0)
2026-06-18 18:11:16,083 - WARNING - Request failed for https://www.drogaven.com.br/busca/suggest/?query_term=7892692814743: Expecting value: line 1 column 1 (char 0)
2026-06-18 18:11:16,333 - WARNING - Request failed for https://www.drogaven.com.br/busca/suggest/?query_term=7896044900085: Expecting value: line 1 column 1 (char 0)
2026-06-18 18:11:19,571 - ERROR - Abandoning URL https://www.drogaven.com.br/busca/suggest/?query_term=07908082303312. Final status: None
2026-06-18 18:11:20,158 - WARNING - Request failed for https://www.drogaven.com.br/busca/suggest/?query_term=7896044900085: Expecting value: line 1 column 1 (char 0)
2026-06-18 18:11:20,167 - WARNING - Request failed for https://www.drogaven.com.br/busca/suggest/?query_term=7896902201255: Expecting value: line 1 column 1 (char 0)
2026-06-18 18:11:20,176 - WARNING - Request failed for https://www.drogaven.com.br/busca/suggest/?query_term=7896115704345: Expecting value: line 1 column 1 (char 0)
2026-06-18 18:11:20,228 - WARNING - Request failed for https://www.drogaven.com.br/busca/suggest/?query_term=7891150027541: Expecting value: line 1 column 1 (char 0)
2026-06-18 18:11:20,266 - WARNING - Request failed for https://www.drogaven.com.br/busca/suggest/?query_term=7892692814743: Expecting value: line 1 column 1 (char 0)
2026-06-18 18:11:24,258 - ERROR - Abandoning URL https://www.drogaven.com.br/busca/suggest/?query_term=7892692814743. Final status: None
2026-06-18 18:11:24,756 - ERROR - Abandoning URL https://www.drogaven.com.br/busca/suggest/?query_term=7896115704345. Final status: None
2026-06-18 18:11:42,270 - WARNING - Request failed for https://www.drogaven.com.br/busca/suggest/?query_term=4005808850617: Expecting value: line 1 column 1 (char 0)
2026-06-18 18:11:52,012 - WARNING - Request failed for https://www.drogaven.com.br/busca/suggest/?query_term=7898632472776: Expecting value: line 1 column 1 (char 0)
2026-06-18 18:11:54,719 - WARNING - Request failed for https://www.drogaven.com.br/busca/suggest/?query_term=7898632472776: Expecting value: line 1 column 1 (char 0)
2026-06-18 18:11:56,621 - WARNING - Request failed for https://www.drogaven.com.br/busca/suggest/?query_term=7898632472776: Expecting value: line 1 column 1 (char 0)
2026-06-18 18:11:59,287 - WARNING - Request failed for https://www.drogaven.com.br/busca/suggest/?query_term=7898632472776: Expecting value: line 1 column 1 (char 0)
2026-06-18 18:12:03,214 - INFO - Dados salvos em JSON: C:\Users\Usuario\Desktop\output\Scrape_Drogaven_2026-06-18.json
2026-06-18 18:12:03,249 - INFO - Dados salvos em CSV: C:\Users\Usuario\Desktop\output\Scrape_Drogaven_2026-06-18.csv.
2026-06-18 18:12:03,645 - INFO - Dados salvos em Excel: C:\Users\Usuario\Desktop\output\Scrape_Drogaven_2026-06-18.xlsx.
2026-06-18 18:12:03,646 - INFO - --- Drogaven Finish ---
2026-06-18 18:12:03,646 - INFO - Tempo total: 580.18 segundos
2026-06-18 18:12:03,647 - INFO - Total de produtos com sucesso: 6012
2026-06-18 18:12:03,647 - INFO - Total de produtos não encontrados/sem estoque: 21577
2026-06-18 18:12:03,647 - INFO - Final count of blacklisted UAs: 383
